// Jest Snapshot v1, https://goo.gl/fbAQLP

exports[`headerMenuTemplate.vue snapshot 1`] = `
<div class="app-menu">
  <!---->
</div>
`;
